'Polyrust.monoMul_comm' depends on axioms: [propext, Quot.sound]
'Polyrust.dividesM_antisymm' depends on axioms: [Quot.sound]
'Polyrust.ofBits_toBits' depends on axioms: [propext, Classical.choice, Quot.sound]
'Polyrust.squarefree_count' depends on axioms: [propext, Classical.choice, Quot.sound]
'Polyrust.field_poly_bit' does not depend on any axioms
'Polyrust.clause_duality' depends on axioms: [propext]
'Polyrust.cnf_duality' depends on axioms: [propext, Quot.sound]
'Polyrust.resolution_identity' depends on axioms: [propext, Quot.sound]
'Polyrust.resolvent_sat' depends on axioms: [propext, Quot.sound]
'Polyrust.entails_resolvent' depends on axioms: [propext, Quot.sound]
'Polyrust.learned_preserves_models' depends on axioms: [propext, Quot.sound]
'Polyrust.learned_preserves_polyZero' depends on axioms: [propext, Quot.sound]
'Polyrust.clausePoly_tautology' depends on axioms: [propext, Quot.sound]
'Polyrust.unsat_iff_no_polyZero' depends on axioms: [propext, Quot.sound]
'Polyrust.standard_implies_squarefree' depends on axioms: [propext, Quot.sound]
'Polyrust.sublist_chain_length' depends on axioms: [propext, Quot.sound]
'Polyrust.extension_bound' depends on axioms: [propext, Quot.sound]
'Polyrust.buchberger_extension_bound' depends on axioms: [propext, Quot.sound]
'Polyrust.no_infinite_sublist_chain' depends on axioms: [propext, Quot.sound]
'Polyrust.sPoly_mem_genIdeal' depends on axioms: [propext, Classical.choice, Quot.sound]
'Polyrust.genIdeal_insert_sPoly' depends on axioms: [propext, Classical.choice, Quot.sound]
'Polyrust.coprime_criterion' depends on axioms: [propext, Classical.choice, Quot.sound]
'Polyrust.sPoly_chain_decomposition' depends on axioms: [propext, Classical.choice, Quot.sound]
'Polyrust.chain_criterion' depends on axioms: [propext, Classical.choice, Quot.sound]
'Polyrust.sPoly_self' depends on axioms: [propext, Classical.choice, Quot.sound]
'Polyrust.reduced_unique' depends on axioms: [propext, Classical.choice, Quot.sound]
'Polyrust.reduced_zero_of_mem' depends on axioms: [propext, Classical.choice, Quot.sound]
'Polyrust.lead_determines_element' depends on axioms: [propext, Classical.choice, Quot.sound]
'Polyrust.reduced_unique_univariate' depends on axioms: [propext, Classical.choice, Quot.sound]
'Polyrust.borrow_one_mem_no_root' depends on axioms: [propext]
'Polyrust.inIdeal_no_root' depends on axioms: [propext, Classical.choice, Quot.sound]
'Polyrust.interpolation' depends on axioms: [propext, Classical.choice, Quot.sound]
'Polyrust.no_root_certificate' depends on axioms: [propext, Classical.choice, Quot.sound]
'Polyrust.no_root_poly_certificate' depends on axioms: [propext, Classical.choice, Quot.sound]
'Polyrust.T1_micro' does not depend on any axioms
'Polyrust.T6_micro_unsat' depends on axioms: [propext]
'Polyrust.T6_micro_sat' does not depend on any axioms
'Polyrust.T7_arm_sat' does not depend on any axioms
'Polyrust.T7_wrong_arm_unsat' depends on axioms: [propext]
'Polyrust.L0_mod_faithful' depends on axioms: [propext, Quot.sound]
'Polyrust.eval_abs_bound' depends on axioms: [propext, Quot.sound]
'Polyrust.L0_eval_faithful' depends on axioms: [propext, Quot.sound]
'Polyrust.UniPoly.eval_mul' depends on axioms: [propext, Quot.sound]
'Polyrust.UniPoly.div_linear' depends on axioms: [propext, Quot.sound]
'Polyrust.UniPoly.vanishing_prod_dvd' depends on axioms: [propext, Quot.sound]
'Polyrust.UniPoly.qap_duality' depends on axioms: [propext, Quot.sound]
'Polyrust.borrow_sat_iff_clean' depends on axioms: [propext, Classical.choice, Quot.sound]
'Polyrust.borrow_unsat_of_clash' depends on axioms: [propext, Quot.sound]
'Polyrust.borrow_unsat_of_assign' depends on axioms: [propext, Quot.sound]
'Polyrust.clashClause_duality' depends on axioms: [propext]
'Polyrust.assignClause_duality' depends on axioms: [propext]
'Polyrust.borrow_one_mem_no_root' depends on axioms: [propext]
'Polyrust.borrow_clash_one_mem' depends on axioms: [propext, Quot.sound]
'Polyrust.borrow_assign_one_mem' depends on axioms: [propext, Quot.sound]
'Polyrust.borrow_clash_no_root' depends on axioms: [propext, Quot.sound]
'Polyrust.use_after_move_unsat' depends on axioms: [propext, Quot.sound]
'Polyrust.p5_unsat' depends on axioms: [propext, Quot.sound]
'Polyrust.p6_sat' depends on axioms: [propext, Quot.sound]
'Polyrust.p5_p6_differ' depends on axioms: [propext]
'Polyrust.t9_borrow_decision' depends on axioms: [propext, Classical.choice, Quot.sound]
'Polyrust.subst_id' depends on axioms: [propext]
'Polyrust.subst_comp' depends on axioms: [propext]
'Polyrust.expand_comp' depends on axioms: [propext]
'Polyrust.mem_vars_subst' depends on axioms: [propext]
'Polyrust.checkCtx_det' depends on axioms: [propext]
'Polyrust.checkCtx_expand' depends on axioms: [propext]
'Polyrust.check_expand_reflect' depends on axioms: [propext]
'Polyrust.check_expand_demands' depends on axioms: [propext]
'Polyrust.right_arm_typable' depends on axioms: [propext]
'Polyrust.expand_arm_forces_i32' depends on axioms: [propext]
'Polyrust.wrong_arm_untypable' depends on axioms: [propext]
'Polyrust.wrong_arm_no_root' depends on axioms: [propext, Quot.sound]
'Polyrust.check_exclusive' depends on axioms: [propext]
'Polyrust.genC_sound' depends on axioms: [propext]
'Polyrust.genC_complete' depends on axioms: [propext, Quot.sound]
'Polyrust.root_implies_typable' depends on axioms: [propext, Quot.sound]
'Polyrust.typable_iff_root' depends on axioms: [propext, Quot.sound]
'Polyrust.untypable_iff_no_root' depends on axioms: [propext, Quot.sound]
'Polyrust.isMonoAt_of_root' depends on axioms: [propext]
'Polyrust.gen_length' depends on axioms: [propext, Quot.sound]
'Polyrust.parseFuel_gen' depends on axioms: [propext, Quot.sound]
'Polyrust.parse_gen' depends on axioms: [propext, Quot.sound]
'Polyrust.arm_gating' depends on axioms: [propext]
'Polyrust.arm_gating_root' depends on axioms: [propext]

# == C5.2 Polyrust.UnrollSound 追加（2026-09-20）==
'Polyrust.UnrollSound.steps_add' depends on axioms: [propext]
'Polyrust.UnrollSound.steps_mono' depends on axioms: [propext]
'Polyrust.UnrollSound.unroll_unsat_reflects' depends on axioms: [propext]
